// Jest Snapshot v1, https://goo.gl/fbAQLP

exports[`<Loading /> should match snapshot 1`] = `
<section
  style={
    Object {
      "margin": "0 auto",
      "textAlign": "center",
    }
  }
>
  <Row>
    <Col
      s={12}
    >
      <strong
        style={
          Object {
            "display": "block",
            "marginBottom": "1rem",
          }
        }
      >
        test
      </strong>
      <div>
        test loader
      </div>
    </Col>
  </Row>
</section>
`;
