// Jest Snapshot v1, https://goo.gl/fbAQLP

exports[`<SideImage /> should match snapshot 1`] = `
<section
  className="col-3-4 hero text-center bg-dark"
  id="testIn"
>
  <div>
    <img
      alt="meal"
      src="http://res.cloudinary.com/dikaeinstein/image/upload/c_scale,q_auto:low,w_1077/v1525566660/book-a-meal/close-up-cooking-dinner-46239.jpg"
    />
  </div>
</section>
`;
