// Jest Snapshot v1, https://goo.gl/fbAQLP

exports[`<MealsCheckboxList /> should match snapshot 1`] = `
<React.Fragment>
  <div
    key="1"
    style={
      Object {
        "margin": ".5rem 0",
      }
    }
  >
    <label>
      <input
        name="meal-1"
        onChange={[Function]}
        onClick={[Function]}
        type="checkbox"
      />
      <span>
        test meal
      </span>
    </label>
  </div>
  <div
    key="2"
    style={
      Object {
        "margin": ".5rem 0",
      }
    }
  >
    <label>
      <input
        name="meal-2"
        onChange={[Function]}
        onClick={[Function]}
        type="checkbox"
      />
      <span>
        test meal2
      </span>
    </label>
  </div>
</React.Fragment>
`;

exports[`<MealsCheckboxList /> should match snapshot 2`] = `
<Loading
  text="fetching meals..."
>
  <Preloader
    active={true}
    color="blue"
    flashing={true}
    size="small"
  />
</Loading>
`;
