// Jest Snapshot v1, https://goo.gl/fbAQLP

exports[`<UpdateMenu /> should match snapshot 1`] = `
<section>
  <h5
    className="text-center"
  >
    Update Menu
  </h5>
  <MealsCheckBoxForm
    action="Set"
    currentUrl="http://testurl"
    defaultMenuMealIds={
      Array [
        1,
        2,
      ]
    }
    defaultMenuName="Test menu for today"
    error={null}
    handleSubmit={[Function]}
    isSubmitting={false}
    meals={
      Array [
        Object {
          "id": 1,
          "name": "test meal",
          "price": 4000,
        },
        Object {
          "id": 2,
          "name": "test meal",
          "price": 4000,
        },
      ]
    }
    onPageChange={[Function]}
  />
</section>
`;
