// Jest Snapshot v1, https://goo.gl/fbAQLP

exports[`<DashboardHistory /> should match snapshot 1`] = `
<section>
  <h5>
    Order history
  </h5>
  <OrderList
    orders={
      Array [
        Object {
          "expired": false,
          "id": 11,
          "meal": Object {
            "id": 3,
            "name": "Amala and Ewedu",
            "price": "4000",
          },
          "mealId": 3,
          "quantity": 1,
          "status": "delivered",
          "total": "4000",
          "user": Object {
            "id": 4,
            "name": "Chinonso Okorie",
          },
          "userId": 4,
        },
      ]
    }
  />
  <Paginate
    nextUrl=""
    onPageChange={[Function]}
    previousUrl=""
    style={
      Object {
        "marginTop": "0",
      }
    }
  />
</section>
`;

exports[`<DashboardHistory /> should match snapshot 2`] = `
<section>
  <h5>
    Order history
  </h5>
  <OrderList
    orders={
      Array [
        Object {
          "expired": false,
          "id": 11,
          "meal": Object {
            "id": 3,
            "name": "Amala and Ewedu",
            "price": "4000",
          },
          "mealId": 3,
          "quantity": 1,
          "status": "delivered",
          "total": "4000",
          "user": Object {
            "id": 4,
            "name": "Chinonso Okorie",
          },
          "userId": 4,
        },
      ]
    }
  />
  <Paginate
    nextUrl=""
    onPageChange={[Function]}
    previousUrl=""
    style={
      Object {
        "marginTop": "0",
      }
    }
  />
</section>
`;

exports[`<DashboardHistory /> should match snapshot 3`] = `
<div
  className="loader-container"
>
  <Loading
    text="fetching orders..."
  >
    <Preloader
      active={true}
      color="blue"
      flashing={true}
      size="medium"
    />
  </Loading>
</div>
`;
