// Jest Snapshot v1, https://goo.gl/fbAQLP

exports[`<FilterOrders /> should match snapshot 1`] = `
<div
  className="filter"
>
  <h6>
    Pick a date
  </h6>
  <input
    className="filter-input"
    onChange={[Function]}
    type="date"
    value=""
  />
  <Button
    className="btn btn-default"
    onClick={[Function]}
    value="Filter Orders"
  />
</div>
`;
