// Jest Snapshot v1, https://goo.gl/fbAQLP

exports[`<Dashboard /> should match snapshot 1`] = `
<div>
  <main
    className="dash-main text-center bg-dark-light"
    style={
      Object {
        "minHeight": "calc(100vh - 151px)",
      }
    }
  >
    <h4>
      Dashboard
    </h4>
    <section
      className="card dashboard"
    >
      <Connect(Component) />
      <Connect(Component) />
      <Connect(FilterOrders) />
      <ErrorWrapper />
    </section>
  </main>
  <Footer />
</div>
`;
