// Jest Snapshot v1, https://goo.gl/fbAQLP

exports[`<MealList /> should match snapshot 1`] = `
<section
  className="card user-menu text-left"
>
  <Connect(MenuMeal)
    defaultMeal={
      Object {
        "id": 1,
        "name": "test meal1",
      }
    }
    key="1"
    link="/"
  />
  <Connect(MenuMeal)
    defaultMeal={
      Object {
        "id": 2,
        "name": "test meal2",
      }
    }
    key="2"
    link="/"
  />
  <Connect(MenuMeal)
    defaultMeal={
      Object {
        "id": 3,
        "name": "test meal3",
      }
    }
    key="3"
    link="/"
  />
</section>
`;
