// Jest Snapshot v1, https://goo.gl/fbAQLP

exports[`<MenuCard /> should match snapshot 1`] = `
<div
  className="loader-container"
>
  <Loading
    text="fetching menu..."
  >
    <Preloader
      active={true}
      color="blue"
      flashing={true}
      size="medium"
    />
  </Loading>
</div>
`;

exports[`<MenuCard /> should match snapshot 2`] = `
<section
  className="main"
  id="menu"
>
  <h2
    className="text-center"
  >
    Menu for Today 
    Mon Sep 03 2018
  </h2>
  <Connect(Component)
    link="/test"
  />
  <Paginate
    nextUrl=""
    onPageChange={[Function]}
    previousUrl=""
    style={
      Object {
        "marginTop": "0",
      }
    }
  />
</section>
`;
