// Jest Snapshot v1, https://goo.gl/fbAQLP

exports[`<MenuMeal /> should match snapshot 1`] = `
<div
  className="card user-menu-item"
  key="1"
>
  <div
    className="overlay-container"
    onClick={[Function]}
    onKeyPress={[Function]}
    role="button"
    tabIndex="0"
  >
    <img
      alt="test meal"
      src="http://testurl.com/image.jpg"
    />
    <div
      className="overlay"
    >
      <div
        className="text"
      >
        <p>
          View description
        </p>
      </div>
    </div>
  </div>
  <Modal
    ariaHideApp={true}
    bodyOpenClassName="ReactModal__Body--open"
    closeTimeoutMS={150}
    contentLabel="Meal Detail"
    isOpen={false}
    parentSelector={[Function]}
    portalClassName="ReactModalPortal"
    shouldCloseOnEsc={true}
    shouldCloseOnOverlayClick={true}
    shouldFocusAfterRender={true}
    shouldReturnFocusAfterClose={true}
    style={
      Object {
        "content": Object {
          "bottom": "auto",
          "left": "50%",
          "marginRight": "-50%",
          "minWidth": "20rem",
          "right": "auto",
          "top": "50%",
          "transform": "translate(-50%, -50%)",
          "width": "70%",
        },
        "overlay": Object {
          "backgroundColor": "rgba(0, 0, 0, 0.25)",
        },
      }
    }
  >
    <Button
      className="close"
      onClick={[Function]}
      value="×"
    />
    <MealDetail
      closeMealDetail={[Function]}
      meal={
        Object {
          "id": 1,
          "imageUrl": "http://testurl.com/image.jpg",
          "name": "test meal",
          "price": 2000,
          "user": Object {
            "name": "Dika Test",
          },
        }
      }
    />
  </Modal>
  <div
    className="font-weight-bold text-black"
    style={
      Object {
        "padding": ".875rem",
      }
    }
  >
    <p>
      test meal
    </p>
    <p
      style={
        Object {
          "fontSize": "1.25rem",
        }
      }
    >
      ₦
      2000
    </p>
  </div>
  <Modal
    ariaHideApp={true}
    bodyOpenClassName="ReactModal__Body--open"
    closeTimeoutMS={150}
    contentLabel="Meal Choice"
    isOpen={false}
    parentSelector={[Function]}
    portalClassName="ReactModalPortal"
    shouldCloseOnEsc={true}
    shouldCloseOnOverlayClick={true}
    shouldFocusAfterRender={true}
    shouldReturnFocusAfterClose={true}
    style={
      Object {
        "content": Object {
          "bottom": "auto",
          "left": "50%",
          "marginRight": "-50%",
          "minWidth": "20rem",
          "right": "auto",
          "top": "50%",
          "transform": "translate(-50%, -50%)",
          "width": "45%",
        },
        "overlay": Object {
          "backgroundColor": "rgba(0, 0, 0, 0.25)",
        },
      }
    }
  >
    <Button
      className="close"
      onClick={[Function]}
      value="×"
    />
    <SigninSignupButtons
      closeModal={[Function]}
    />
  </Modal>
  <Button
    className="btn btn-default"
    onClick={[Function]}
    style={
      Object {
        "margin": "1rem auto",
      }
    }
    value="Order Now"
  />
</div>
`;
