// Jest Snapshot v1, https://goo.gl/fbAQLP

exports[`<SigninSignupButton /> should match snapshot 1`] = `
<div>
  <div
    className="m1"
  >
    <p
      className="font-weight-bold"
      style={
        Object {
          "fontSize": "1.25rem",
          "marginBottom": "1rem",
        }
      }
    >
      You are not logged in
    </p>
    <p>
      Log in or sign up to continue.
    </p>
  </div>
  <div
    style={
      Object {
        "display": "flex",
        "justifyContent": "flex-end",
      }
    }
  >
    <Button
      className="btn btn-default"
      onClick={[Function]}
      style={
        Object {
          "margin": "1rem",
        }
      }
      value="Sign in"
    />
    <Button
      className="btn btn-default"
      onClick={[Function]}
      style={
        Object {
          "margin": "1rem",
        }
      }
      value="Sign up"
    />
  </div>
</div>
`;
