// Jest Snapshot v1, https://goo.gl/fbAQLP

exports[`IntroBanner should match snapshot 1`] = `
<section
  className="text-center intro-banner image-overlay"
>
  <h1>
    Book-A-Meal
  </h1>
  <p>
    Your favourite meal order service
  </p>
  <a
    href="#menu"
  >
    <Button
      className="btn btn-intro-lg"
      value="Book A Meal Now"
    />
  </a>
</section>
`;
