// Jest Snapshot v1, https://goo.gl/fbAQLP

exports[`<Navigation /> should match snapshot 1`] = `
<Provider
  store={
    Object {
      "dispatch": [Function],
      "getState": [Function],
      "replaceReducer": [Function],
      "subscribe": [Function],
      Symbol(observable): [Function],
    }
  }
>
  <MemoryRouter>
    <Router
      history={
        Object {
          "action": "POP",
          "block": [Function],
          "canGo": [Function],
          "createHref": [Function],
          "entries": Array [
            Object {
              "hash": "",
              "key": "b0vyf6",
              "pathname": "/",
              "search": "",
              "state": undefined,
            },
          ],
          "go": [Function],
          "goBack": [Function],
          "goForward": [Function],
          "index": 0,
          "length": 1,
          "listen": [Function],
          "location": Object {
            "hash": "",
            "key": "b0vyf6",
            "pathname": "/",
            "search": "",
            "state": undefined,
          },
          "push": [Function],
          "replace": [Function],
        }
      }
    >
      <Connect(ConnectedNavigation)
        urls={
          Array [
            Object {
              "id": 1,
              "link": "signin",
              "name": "Sign in",
            },
            Object {
              "id": 2,
              "link": "signup",
              "name": "Sign up",
            },
          ]
        }
      >
        <ConnectedNavigation
          signout={[Function]}
          urls={
            Array [
              Object {
                "id": 1,
                "link": "signin",
                "name": "Sign in",
              },
              Object {
                "id": 2,
                "link": "signup",
                "name": "Sign up",
              },
            ]
          }
        >
          <nav
            className="col-3-4"
          >
            <ul
              className="nav-container text-center"
            >
              <li
                key="1"
              >
                <NavLink
                  activeClassName="active"
                  ariaCurrent="true"
                  to="/signin"
                >
                  <Route
                    path="/signin"
                  >
                    <Link
                      aria-current={false}
                      replace={false}
                      to="/signin"
                    >
                      <a
                        aria-current={false}
                        href="/signin"
                        onClick={[Function]}
                      >
                        Sign in
                      </a>
                    </Link>
                  </Route>
                </NavLink>
              </li>
              <li
                key="2"
              >
                <NavLink
                  activeClassName="active"
                  ariaCurrent="true"
                  to="/signup"
                >
                  <Route
                    path="/signup"
                  >
                    <Link
                      aria-current={false}
                      replace={false}
                      to="/signup"
                    >
                      <a
                        aria-current={false}
                        href="/signup"
                        onClick={[Function]}
                      >
                        Sign up
                      </a>
                    </Link>
                  </Route>
                </NavLink>
              </li>
            </ul>
          </nav>
        </ConnectedNavigation>
      </Connect(ConnectedNavigation)>
    </Router>
  </MemoryRouter>
</Provider>
`;
