// Jest Snapshot v1, https://goo.gl/fbAQLP

exports[`<NotFound /> should render correctly 1`] = `
<main>
  <div
    className="bg-dark-light text-center not-found"
    style={
      Object {
        "minHeight": "calc(100vh - 151px)",
      }
    }
  >
    <h1>
      404
    </h1>
    <h2>
      Sorry!
    </h2>
    <h2>
      Page not found :)
    </h2>
    <br />
    <br />
    <br />
    <Button
      className="btn btn-notfound"
      onClick={[Function]}
      value="Go Back"
    />
  </div>
  <Footer />
</main>
`;
