// Jest Snapshot v1, https://goo.gl/fbAQLP

exports[`<SideImage /> should match snapshot 1`] = `
<section
  className="col-3-4 hero text-center"
  id="testIn"
>
  <div>
    <img
      alt="meal"
      src="http://res.cloudinary.com/dikaeinstein/image/upload/c_scale,q_auto:eco,w_1029/v1525566673/book-a-meal/avocado-cooked-delicious-262959.jpg"
    />
  </div>
</section>
`;
