// Jest Snapshot v1, https://goo.gl/fbAQLP

exports[`<OrderHistory /> should match snapshot 1`] = `
<OrderList
  orders={
    Array [
      Object {
        "expired": false,
        "id": 11,
        "meal": Object {
          "id": 3,
          "name": "Amala and Ewedu",
          "price": "4000",
        },
        "mealId": 3,
        "quantity": 1,
        "status": "delivered",
        "total": "4000",
        "user": Object {
          "id": 4,
          "name": "Chinonso Okorie",
        },
        "userId": 4,
      },
    ]
  }
/>
`;
