// Jest Snapshot v1, https://goo.gl/fbAQLP

exports[`<Navigation /> should <Navigation /> correctly 1`] = `
<nav
  className="col-3-4"
>
  <ul
    className="nav-container text-center"
  >
    <li
      key="1"
    >
      <NavLink
        activeClassName="active"
        ariaCurrent="true"
        to="/signin"
      >
        Sign in
      </NavLink>
    </li>
    <li
      key="2"
    >
      <NavLink
        activeClassName="active"
        ariaCurrent="true"
        to="/signup"
      >
        Sign up
      </NavLink>
    </li>
  </ul>
</nav>
`;
