// Jest Snapshot v1, https://goo.gl/fbAQLP

exports[`HomePage should render HomePage correctly 1`] = `
<div>
  <div
    style={
      Object {
        "minHeight": "calc(100vh - 151px)",
      }
    }
  >
    <IntroBanner />
    <ErrorWrapper
      link="/signIn"
    />
  </div>
  <Footer />
</div>
`;
